---
source: src/irprint.rs
expression: output
---

