---
source: src/irprint.rs
expression: uncolored_output
---
; === CONSTANTS & UNSCHEDULED ===
c1:    const_i32  42  ; i32

; === FUNCTION CODE ===
; Block b1:
       ret        c1
